// Jest Snapshot v1, https://goo.gl/fbAQLP

exports[`test changeset xml generation should return expected changeset xml for key-value pairs 1`] = `"<osm><changeset><tag k=\\"source\\" v=\\"Observe\\"/><tag k=\\"comment\\" v=\\"test comment\\"/></changeset></osm>"`;
